Microchip MPLAB XC8 Compiler V1.21 ()

Linker command line:

--edf=C:\Program Files (x86)\Microchip\xc8\v1.21\dat\en_msgs.txt -cs \
  -h+dist/default/debug\Example_10.1.X.debug.sym \
  --cmf=dist/default/debug\Example_10.1.X.debug.cmf -z -Q18F4550 \
  -oC:\Users\tbi\AppData\Local\Temp\s54.6 \
  -Mdist/default/debug/Example_10.1.X.debug.map -E1 -ver=XC8 \
  -ACODE=00h-07CFFh -ACONST=00h-07CFFh -ASMALLCONST=0800h-08FFhx117 \
  -AMEDIUMCONST=0800h-07CFFh -ACOMRAM=01h-05Fh -AABS1=00h-03EEh,0400h-07FFh \
  -ABIGRAM=01h-03EEh,0400h-07FFh \
  -ARAM=060h-0FFh,0100h-01FFhx2,0300h-03EEh,0400h-04FFhx4 -ABANK0=060h-0FFh \
  -ABANK1=0100h-01FFh -ABANK2=0200h-02FFh -ABANK3=0300h-03EEh \
  -ABANK4=0400h-04FFh -ABANK5=0500h-05FFh -ABANK6=0600h-06FFh \
  -ABANK7=0700h-07FFh \
  -ASFR=0F60h-0F9Bh,0F9Dh-0FD3h,0FD5h-0FDAh,0FE0h-0FE2h,0FE8h-0FEAh,0FF0h-0FFBh \
  -preset_vec=00h,intcode,intcodelo,powerup,init,end_init -pramtop=0800h \
  -psmallconst=SMALLCONST -pmediumconst=MEDIUMCONST -pconst=CONST \
  -AFARRAM=00h-00h -ACONFIG=0300000h-030000Dh -pconfig=CONFIG \
  -AIDLOC=0200000h-0200007h -pidloc=IDLOC -AEEDATA=0F00000h-0F000FFh \
  -peeprom_data=EEDATA \
  -prdata=COMRAM,nvrram=COMRAM,nvbit=COMRAM,rbss=COMRAM,rbit=COMRAM \
  -pfarbss=FARRAM,fardata=FARRAM,nvFARRAM=FARRAM \
  -pintsave_regs=BIGRAM,bigbss=BIGRAM,bigdata=BIGRAM -pbss=RAM \
  -pidata=CODE,irdata=CODE,ibigdata=CODE,ifardata=CODE \
  C:\Users\tbi\AppData\Local\Temp\s54.obj \
  dist/default/debug\Example_10.1.X.debug.obj 

Object code version is 3.11

Machine type is 18F4550

Call graph: (short form)




                Name                               Link     Load   Length Selector   Space Scale
C:\Users\tbi\AppData\Local\Temp\s54.obj
                end_init                              2        2        4        0       0
                reset_vec                             0        0        2        0       0
                idloc                            200000   200000        8   200000       0
                config                           300000   300000        E   300000       0
dist/default/debug\Example_10.1.X.debug.obj
                text9                              78D0     78D0        E     3C68       0
                text8                              791E     791E       20     3C8F       0
                text7                              78EC     78EC       10     3C76       0
                text6                              78DE     78DE        E     3C6F       0
                text5                              79AC     79AC       3A     3CD6       0
                text4                              7A42     7A42      2BE     3D21       0
                text3                              793E     793E       20     3C9F       0
                text2                              79E6     79E6       5C     3CF3       0
                text1                              78FC     78FC       10     3C7E       0
                text0                              795E     795E       26     3CAF       0
                cstackCOMRAM                          1        1       1A        1       1
                dataCOMRAM                           1B       1B       11        1       1
                bssCOMRAM                            2C       2C        1        1       1
                cinit                              7984     7984       28     3CC2       0
                idataCOMRAM                        790D     790D       11     790D       0

TOTAL           Name                               Link     Load   Length     Space
        CLASS   CODE           
                end_init                              2        2        4         0
                reset_vec                             0        0        2         0
                text9                              78D0     78D0        E         0
                text8                              791E     791E       20         0
                text7                              78EC     78EC       10         0
                text6                              78DE     78DE        E         0
                text5                              79AC     79AC       3A         0
                text4                              7A42     7A42      2BE         0
                text3                              793E     793E       20         0
                text2                              79E6     79E6       5C         0
                text1                              78FC     78FC       10         0
                text0                              795E     795E       26         0
                cinit                              7984     7984       28         0
                idataCOMRAM                        790D     790D       11         0

        CLASS   CONST          

        CLASS   SMALLCONST     

        CLASS   MEDIUMCONST    

        CLASS   COMRAM         
                cstackCOMRAM                          1        1       1A         1
                dataCOMRAM                           1B       1B       11         1
                bssCOMRAM                            2C       2C        1         1

        CLASS   ABS1           

        CLASS   BIGRAM         

        CLASS   RAM            

        CLASS   BANK0          

        CLASS   BANK1          

        CLASS   BANK2          

        CLASS   BANK3          

        CLASS   BANK4          

        CLASS   BANK5          

        CLASS   BANK6          

        CLASS   BANK7          

        CLASS   SFR            

        CLASS   FARRAM         

        CLASS   CONFIG         
                config                           300000   300000        E         0

        CLASS   IDLOC          
                idloc                            200000   200000        8         0

        CLASS   EEDATA         



SEGMENTS        Name                           Load    Length   Top    Selector   Space  Class

                reset_vec                      000000  000006  000006         0       0  CODE    
                cstackCOMRAM                   000001  00002C  00002D         1       1  COMRAM  
                text9                          0078D0  00000E  0078DE      3C68       0  CODE    
                text6                          0078DE  00000E  0078EC      3C6F       0  CODE    
                text7                          0078EC  000010  0078FC      3C76       0  CODE    
                text1                          0078FC  000010  00790C      3C7E       0  CODE    
                idataCOMRAM                    00790D  000011  00791E      790D       0  CODE    
                text8                          00791E  000020  00793E      3C8F       0  CODE    
                text3                          00793E  000020  00795E      3C9F       0  CODE    
                text0                          00795E  000026  007984      3CAF       0  CODE    
                cinit                          007984  000028  0079AC      3CC2       0  CODE    
                text5                          0079AC  00003A  0079E6      3CD6       0  CODE    
                text2                          0079E6  00005C  007A42      3CF3       0  CODE    
                text4                          007A42  0002BE  007D00      3D21       0  CODE    
                idloc                          200000  000008  200008    200000       0  IDLOC   
                config                         300000  00000E  30000E    300000       0  CONFIG  


UNUSED ADDRESS RANGES

        Name                Unused          Largest block    Delta
        BANK0            000060-0000FF               A0
        BANK1            000100-0001FF              100
        BANK2            000200-0002FF              100
        BANK3            000300-0003EE               EF
        BANK4            000400-0004FF              100
        BANK5            000500-0005FF              100
        BANK6            000600-0006FF              100
        BANK7            000700-0007FF              100
        BIGRAM           00002D-0003EE              3C2
                         000400-0007FF              400
        CODE             000006-0078CF             78CA
                         00790C-00790C                1
        COMRAM           00002D-00005F               33
        CONST            000006-0078CF             78CA
                         00790C-00790C                1
        EEDATA           F00000-F000FF              100
        MEDIUMCONST      000800-0078CF             70D0
                         00790C-00790C                1
        RAM              000060-0003EE              100
                         000400-0007FF              100
        SFR              000F60-000F9B               3C
                         000F9D-000FD3               37
                         000FD5-000FDA                6
                         000FE0-000FE2                3
                         000FE8-000FEA                3
                         000FF0-000FFB                C
        SMALLCONST       000800-0078CF              100
                         00790C-00790C                1

                                  Symbol Table

?_ConfigUSART            cstackCOMRAM 000004
?_Delay1KTCYx            cstackCOMRAM 000001
?_OpenUSART              cstackCOMRAM 000001
?_Print_key              cstackCOMRAM 000005
?_Write                  cstackCOMRAM 000002
?_WriteUSART             cstackCOMRAM 000001
?_delay_ms               cstackCOMRAM 000002
?_delay_us               cstackCOMRAM 000002
ConfigUSART@config_1     cstackCOMRAM 000004
ConfigUSART@config_2     cstackCOMRAM 000005
Delay1KTCYx@unit         cstackCOMRAM 000001
GetKey@row               cstackCOMRAM 000019
OpenUSART@config         cstackCOMRAM 000001
OpenUSART@spbrg          cstackCOMRAM 000002
Print_key@a              cstackCOMRAM 000006
Print_key@element        cstackCOMRAM 000005
Write@data               cstackCOMRAM 000002
WriteUSART@data          cstackCOMRAM 000001
_ConfigUSART             text1        0078FC
_Delay1KTCYx             text9        0078D0
_GetKey                  text4        007A42
_GetKey$100              cstackCOMRAM 00000E
_GetKey$101              cstackCOMRAM 00000F
_GetKey$102              cstackCOMRAM 000010
_GetKey$103              cstackCOMRAM 000011
_GetKey$104              cstackCOMRAM 000012
_GetKey$105              cstackCOMRAM 000013
_GetKey$106              cstackCOMRAM 000014
_GetKey$107              cstackCOMRAM 000015
_GetKey$108              cstackCOMRAM 000016
_GetKey$109              cstackCOMRAM 000017
_GetKey$110              cstackCOMRAM 000018
_GetKey$95               cstackCOMRAM 000009
_GetKey$96               cstackCOMRAM 00000A
_GetKey$97               cstackCOMRAM 00000B
_GetKey$98               cstackCOMRAM 00000C
_GetKey$99               cstackCOMRAM 00000D
_OpenUSART               text2        0079E6
_PIE1bits                (abs)        000F9D
_PIR1bits                (abs)        000F9E
_PORTD                   (abs)        000F83
_PORTDbits               (abs)        000F83
_Print_key               text5        0079AC
_RCREG                   (abs)        000FAE
_RCSTA                   (abs)        000FAB
_RCSTAbits               (abs)        000FAB
_SPBRG                   (abs)        000FAF
_SPBRGH                  (abs)        000FB0
_TRISCbits               (abs)        000F94
_TRISD                   (abs)        000F95
_TXREG                   (abs)        000FAD
_TXSTA                   (abs)        000FAC
_TXSTAbits               (abs)        000FAC
_USART_Status            bssCOMRAM    00002C
_Write                   text6        0078DE
_WriteUSART              text7        0078EC
__CFG_BOR$OFF            (abs)        000000
__CFG_BORV$3             (abs)        000000
__CFG_CCP2MX$OFF         (abs)        000000
__CFG_CPUDIV$OSC1_PLL2   (abs)        000000
__CFG_FCMEN$OFF          (abs)        000000
__CFG_FOSC$HS            (abs)        000000
__CFG_ICPRT$OFF          (abs)        000000
__CFG_IESO$OFF           (abs)        000000
__CFG_LPT1OSC$OFF        (abs)        000000
__CFG_LVP$OFF            (abs)        000000
__CFG_MCLRE$ON           (abs)        000000
__CFG_PBADEN$OFF         (abs)        000000
__CFG_PLLDIV$5           (abs)        000000
__CFG_PWRT$OFF           (abs)        000000
__CFG_STVREN$ON          (abs)        000000
__CFG_USBDIV$1           (abs)        000000
__CFG_VREGEN$OFF         (abs)        000000
__CFG_WDT$OFF            (abs)        000000
__CFG_WDTPS$32768        (abs)        000000
__CFG_XINST$OFF          (abs)        000000
__HRAM                   (abs)        000000
__Habs1                  abs1         000000
__Hbank0                 bank0        000000
__Hbank1                 bank1        000000
__Hbank2                 bank2        000000
__Hbank3                 bank3        000000
__Hbank4                 bank4        000000
__Hbank5                 bank5        000000
__Hbank6                 bank6        000000
__Hbank7                 bank7        000000
__Hbigbss                bigbss       000000
__Hbigdata               bigdata      000000
__Hbigram                bigram       000000
__Hbss                   bss          000000
__HbssCOMRAM             bssCOMRAM    000000
__Hcinit                 cinit        000000
__Hclrtext               clrtext      000000
__Hcomram                comram       000000
__Hconfig                config       30000E
__Hconst                 const        000000
__HcstackCOMRAM          cstackCOMRAM 000000
__Hdata                  data         000000
__HdataCOMRAM            dataCOMRAM   000000
__Heeprom_data           eeprom_data  000000
__Hend_init              end_init     000006
__Hfarbss                farbss       000000
__Hfardata               fardata      000000
__Hibigdata              ibigdata     000000
__Hidata                 idata        000000
__HidataCOMRAM           idataCOMRAM  000000
__Hidloc                 idloc        200008
__Hifardata              ifardata     000000
__Hinit                  init         000002
__Hintcode               intcode      000002
__Hintcode_body          intcode_body 000000
__Hintcodelo             intcodelo    000002
__Hintentry              intentry     000000
__Hintret                intret       000000
__Hintsave_regs          intsave_regs 000000
__Hirdata                irdata       000000
__Hmediumconst           mediumconst  000000
__HnvFARRAM              nvFARRAM     000000
__Hnvbit                 nvbit        000000
__Hnvrram                nvrram       000000
__Hparam                 rparam       000000
__Hpowerup               powerup      000002
__Hram                   ram          000000
__Hramtop                ramtop       000800
__Hrbit                  rbit         000000
__Hrbss                  rbss         000000
__Hrdata                 rdata        000000
__Hreset_vec             reset_vec    000002
__Hrparam                rparam       000000
__Hsfr                   sfr          000000
__Hsmallconst            smallconst   000000
__Hstruct                struct       000000
__Htemp                  temp         000000
__Htext                  text         000000
__Htext0                 text0        000000
__Htext1                 text1        000000
__Htext2                 text2        000000
__Htext3                 text3        000000
__Htext4                 text4        000000
__Htext5                 text5        000000
__Htext6                 text6        000000
__Htext7                 text7        000000
__Htext8                 text8        000000
__Htext9                 text9        000000
__LRAM                   (abs)        000001
__Labs1                  abs1         000000
__Lbank0                 bank0        000000
__Lbank1                 bank1        000000
__Lbank2                 bank2        000000
__Lbank3                 bank3        000000
__Lbank4                 bank4        000000
__Lbank5                 bank5        000000
__Lbank6                 bank6        000000
__Lbank7                 bank7        000000
__Lbigbss                bigbss       000000
__Lbigdata               bigdata      000000
__Lbigram                bigram       000000
__Lbss                   bss          000000
__LbssCOMRAM             bssCOMRAM    000000
__Lcinit                 cinit        000000
__Lclrtext               clrtext      000000
__Lcomram                comram       000000
__Lconfig                config       300000
__Lconst                 const        000000
__LcstackCOMRAM          cstackCOMRAM 000000
__Ldata                  data         000000
__LdataCOMRAM            dataCOMRAM   000000
__Leeprom_data           eeprom_data  000000
__Lend_init              end_init     000002
__Lfarbss                farbss       000000
__Lfardata               fardata      000000
__Libigdata              ibigdata     000000
__Lidata                 idata        000000
__LidataCOMRAM           idataCOMRAM  000000
__Lidloc                 idloc        200000
__Lifardata              ifardata     000000
__Linit                  init         000002
__Lintcode               intcode      000002
__Lintcode_body          intcode_body 000000
__Lintcodelo             intcodelo    000002
__Lintentry              intentry     000000
__Lintret                intret       000000
__Lintsave_regs          intsave_regs 000000
__Lirdata                irdata       000000
__Lmediumconst           mediumconst  000000
__LnvFARRAM              nvFARRAM     000000
__Lnvbit                 nvbit        000000
__Lnvrram                nvrram       000000
__Lparam                 rparam       000000
__Lpowerup               powerup      000002
__Lram                   ram          000000
__Lramtop                ramtop       000800
__Lrbit                  rbit         000000
__Lrbss                  rbss         000000
__Lrdata                 rdata        000000
__Lreset_vec             reset_vec    000000
__Lrparam                rparam       000000
__Lsfr                   sfr          000000
__Lsmallconst            smallconst   000000
__Lstruct                struct       000000
__Ltemp                  temp         000000
__Ltext                  text         000000
__Ltext0                 text0        000000
__Ltext1                 text1        000000
__Ltext2                 text2        000000
__Ltext3                 text3        000000
__Ltext4                 text4        000000
__Ltext5                 text5        000000
__Ltext6                 text6        000000
__Ltext7                 text7        000000
__Ltext8                 text8        000000
__Ltext9                 text9        000000
__S0                     (abs)        30000E
__S1                     (abs)        00002D
__accesstop              (abs)        000060
__activetblptr           (abs)        000000
__end_of_ConfigUSART     text1        00790C
__end_of_Delay1KTCYx     text9        0078DE
__end_of_GetKey          text4        007D00
__end_of_OpenUSART       text2        007A42
__end_of_Print_key       text5        0079E6
__end_of_Write           text6        0078EC
__end_of_WriteUSART      text7        0078FC
__end_of__initialization cinit        0079A6
__end_of_delay_ms        text8        00793E
__end_of_delay_us        text3        00795E
__end_of_main            text0        007984
__initialization         cinit        007984
__mediumconst            mediumconst  000000
__pbssCOMRAM             bssCOMRAM    00002C
__pcinit                 cinit        007984
__pcstackCOMRAM          cstackCOMRAM 000001
__pdataCOMRAM            dataCOMRAM   00001B
__pidataCOMRAM           idataCOMRAM  00790D
__ptext0                 text0        00795E
__ptext1                 text1        0078FC
__ptext2                 text2        0079E6
__ptext3                 text3        00793E
__ptext4                 text4        007A42
__ptext5                 text5        0079AC
__ptext6                 text6        0078DE
__ptext7                 text7        0078EC
__ptext8                 text8        00791E
__ptext9                 text9        0078D0
__ramtop                 ramtop       000800
__size_of_ConfigUSART    (abs)        000000
__size_of_Delay1KTCYx    (abs)        000000
__size_of_GetKey         (abs)        000000
__size_of_OpenUSART      (abs)        000000
__size_of_Print_key      (abs)        000000
__size_of_Write          (abs)        000000
__size_of_WriteUSART     (abs)        000000
__size_of_delay_ms       (abs)        000000
__size_of_delay_us       (abs)        000000
__size_of_main           (abs)        000000
__smallconst             smallconst   000000
_arr                     dataCOMRAM   00001B
_config_1                dataCOMRAM   00002B
_delay_ms                text8        00791E
_delay_us                text3        00793E
_main                    text0        00795E
delay_ms@i               cstackCOMRAM 000004
delay_ms@t               cstackCOMRAM 000002
delay_us@i               cstackCOMRAM 000004
delay_us@t               cstackCOMRAM 000002
end_of_initialization    cinit        0079A6
intlevel0                text         000000
intlevel1                text         000000
intlevel2                text         000000
intlevel3                text         000000
start                    init         000002
start_initialization     cinit        007984


FUNCTION INFORMATION:

 *************** function _main *****************
 Defined at:
		line 49 in file "main.c"
 Parameters:    Size  Location     Type
		None
 Auto vars:     Size  Location     Type
		None
 Return value:  Size  Location     Type
		None               void
 Registers used:
		wreg, status,2, status,0, cstack
 Tracked objects:
		On entry : 
		On exit  : 
		Unchanged: 
 Data sizes:     COMRAM   BANK0   BANK1   BANK2   BANK3   BANK4   BANK5   BANK6   BANK7
      Params:         0       0       0       0       0       0       0       0       0
      Locals:         0       0       0       0       0       0       0       0       0
      Temps:          1       0       0       0       0       0       0       0       0
      Totals:         1       0       0       0       0       0       0       0       0
Total ram usage:        1 bytes
 Hardware stack levels required when called:    4
 This function calls:
		_GetKey
		_delay_us
		_ConfigUSART
 This function is called by:
		Startup code after reset
 This function uses a non-reentrant model


 *************** function _ConfigUSART *****************
 Defined at:
		line 20 in file "uart.c"
 Parameters:    Size  Location     Type
  config_1        1    3[COMRAM] unsigned char 
  config_2        1    4[COMRAM] unsigned char 
 Auto vars:     Size  Location     Type
		None
 Return value:  Size  Location     Type
		None               void
 Registers used:
		wreg, status,2, cstack
 Tracked objects:
		On entry : 
		On exit  : 
		Unchanged: 
 Data sizes:     COMRAM   BANK0   BANK1   BANK2   BANK3   BANK4   BANK5   BANK6   BANK7
      Params:         2       0       0       0       0       0       0       0       0
      Locals:         0       0       0       0       0       0       0       0       0
      Temps:          0       0       0       0       0       0       0       0       0
      Totals:         2       0       0       0       0       0       0       0       0
Total ram usage:        2 bytes
 Hardware stack levels used:    1
 Hardware stack levels required when called:    1
 This function calls:
		_OpenUSART
 This function is called by:
		_main
 This function uses a non-reentrant model


 *************** function _OpenUSART *****************
 Defined at:
		line 74 in file "C:\Program Files (x86)\Microchip\xc8\v1.21\sources\pic18\plib\USART\uopen.c"
 Parameters:    Size  Location     Type
  config          1    0[COMRAM] unsigned char 
  spbrg           2    1[COMRAM] unsigned int 
 Auto vars:     Size  Location     Type
		None
 Return value:  Size  Location     Type
		None               void
 Registers used:
		wreg, status,2
 Tracked objects:
		On entry : 
		On exit  : 
		Unchanged: 
 Data sizes:     COMRAM   BANK0   BANK1   BANK2   BANK3   BANK4   BANK5   BANK6   BANK7
      Params:         3       0       0       0       0       0       0       0       0
      Locals:         0       0       0       0       0       0       0       0       0
      Temps:          0       0       0       0       0       0       0       0       0
      Totals:         3       0       0       0       0       0       0       0       0
Total ram usage:        3 bytes
 Hardware stack levels used:    1
 This function calls:
		Nothing
 This function is called by:
		_ConfigUSART
 This function uses a non-reentrant model


 *************** function _delay_us *****************
 Defined at:
		line 28 in file "delay.c"
 Parameters:    Size  Location     Type
  t               1    1[COMRAM] unsigned char 
 Auto vars:     Size  Location     Type
  i               1    3[COMRAM] unsigned char 
 Return value:  Size  Location     Type
		None               void
 Registers used:
		wreg, status,2, status,0, cstack
 Tracked objects:
		On entry : 
		On exit  : 
		Unchanged: 
 Data sizes:     COMRAM   BANK0   BANK1   BANK2   BANK3   BANK4   BANK5   BANK6   BANK7
      Params:         1       0       0       0       0       0       0       0       0
      Locals:         1       0       0       0       0       0       0       0       0
      Temps:          1       0       0       0       0       0       0       0       0
      Totals:         3       0       0       0       0       0       0       0       0
Total ram usage:        3 bytes
 Hardware stack levels used:    1
 Hardware stack levels required when called:    1
 This function calls:
		_Delay1KTCYx
 This function is called by:
		_main
 This function uses a non-reentrant model


 *************** function _GetKey *****************
 Defined at:
		line 109 in file "KeyFn.c"
 Parameters:    Size  Location     Type
		None
 Auto vars:     Size  Location     Type
  row             1   24[COMRAM] unsigned char 
 Return value:  Size  Location     Type
		None               void
 Registers used:
		wreg, status,2, status,0, cstack
 Tracked objects:
		On entry : 
		On exit  : 
		Unchanged: 
 Data sizes:     COMRAM   BANK0   BANK1   BANK2   BANK3   BANK4   BANK5   BANK6   BANK7
      Params:         0       0       0       0       0       0       0       0       0
      Locals:        17       0       0       0       0       0       0       0       0
      Temps:          1       0       0       0       0       0       0       0       0
      Totals:        18       0       0       0       0       0       0       0       0
Total ram usage:       18 bytes
 Hardware stack levels used:    1
 Hardware stack levels required when called:    3
 This function calls:
		_Print_key
 This function is called by:
		_main
 This function uses a non-reentrant model


 *************** function _Print_key *****************
 Defined at:
		line 90 in file "KeyFn.c"
 Parameters:    Size  Location     Type
  element         1    4[COMRAM] unsigned char 
  a               1    5[COMRAM] unsigned char 
 Auto vars:     Size  Location     Type
		None
 Return value:  Size  Location     Type
                  1    wreg      unsigned char 
 Registers used:
		wreg, status,2, status,0, cstack
 Tracked objects:
		On entry : 
		On exit  : 
		Unchanged: 
 Data sizes:     COMRAM   BANK0   BANK1   BANK2   BANK3   BANK4   BANK5   BANK6   BANK7
      Params:         2       0       0       0       0       0       0       0       0
      Locals:         0       0       0       0       0       0       0       0       0
      Temps:          1       0       0       0       0       0       0       0       0
      Totals:         3       0       0       0       0       0       0       0       0
Total ram usage:        3 bytes
 Hardware stack levels used:    1
 Hardware stack levels required when called:    2
 This function calls:
		_delay_ms
		_Write
 This function is called by:
		_GetKey
 This function uses a non-reentrant model


 *************** function _Write *****************
 Defined at:
		line 43 in file "uart.c"
 Parameters:    Size  Location     Type
  data            1    1[COMRAM] unsigned char 
 Auto vars:     Size  Location     Type
		None
 Return value:  Size  Location     Type
		None               void
 Registers used:
		cstack
 Tracked objects:
		On entry : 
		On exit  : 
		Unchanged: 
 Data sizes:     COMRAM   BANK0   BANK1   BANK2   BANK3   BANK4   BANK5   BANK6   BANK7
      Params:         1       0       0       0       0       0       0       0       0
      Locals:         0       0       0       0       0       0       0       0       0
      Temps:          0       0       0       0       0       0       0       0       0
      Totals:         1       0       0       0       0       0       0       0       0
Total ram usage:        1 bytes
 Hardware stack levels used:    1
 Hardware stack levels required when called:    1
 This function calls:
		_WriteUSART
 This function is called by:
		_Print_key
		_Read_string
 This function uses a non-reentrant model


 *************** function _WriteUSART *****************
 Defined at:
		line 14 in file "C:\Program Files (x86)\Microchip\xc8\v1.21\sources\pic18\plib\USART\uwrite.c"
 Parameters:    Size  Location     Type
  data            1    0[COMRAM] unsigned char 
 Auto vars:     Size  Location     Type
		None
 Return value:  Size  Location     Type
		None               void
 Registers used:
		None
 Tracked objects:
		On entry : 
		On exit  : 
		Unchanged: 
 Data sizes:     COMRAM   BANK0   BANK1   BANK2   BANK3   BANK4   BANK5   BANK6   BANK7
      Params:         1       0       0       0       0       0       0       0       0
      Locals:         0       0       0       0       0       0       0       0       0
      Temps:          0       0       0       0       0       0       0       0       0
      Totals:         1       0       0       0       0       0       0       0       0
Total ram usage:        1 bytes
 Hardware stack levels used:    1
 This function calls:
		Nothing
 This function is called by:
		_Write
		_Read_string
		_Read_str_
 This function uses a non-reentrant model


 *************** function _delay_ms *****************
 Defined at:
		line 18 in file "delay.c"
 Parameters:    Size  Location     Type
  t               1    1[COMRAM] unsigned char 
 Auto vars:     Size  Location     Type
  i               1    3[COMRAM] unsigned char 
 Return value:  Size  Location     Type
		None               void
 Registers used:
		wreg, status,2, status,0, cstack
 Tracked objects:
		On entry : 
		On exit  : 
		Unchanged: 
 Data sizes:     COMRAM   BANK0   BANK1   BANK2   BANK3   BANK4   BANK5   BANK6   BANK7
      Params:         1       0       0       0       0       0       0       0       0
      Locals:         1       0       0       0       0       0       0       0       0
      Temps:          1       0       0       0       0       0       0       0       0
      Totals:         3       0       0       0       0       0       0       0       0
Total ram usage:        3 bytes
 Hardware stack levels used:    1
 Hardware stack levels required when called:    1
 This function calls:
		_Delay1KTCYx
 This function is called by:
		_Print_key
		_Delay_s
 This function uses a non-reentrant model


 *************** function _Delay1KTCYx *****************
 Defined at:
		line 9 in file "C:\Program Files (x86)\Microchip\xc8\v1.21\sources\pic18\d1ktcyx.c"
 Parameters:    Size  Location     Type
  unit            1    0[COMRAM] unsigned char 
 Auto vars:     Size  Location     Type
		None
 Return value:  Size  Location     Type
		None               void
 Registers used:
		wreg
 Tracked objects:
		On entry : 
		On exit  : 
		Unchanged: 
 Data sizes:     COMRAM   BANK0   BANK1   BANK2   BANK3   BANK4   BANK5   BANK6   BANK7
      Params:         1       0       0       0       0       0       0       0       0
      Locals:         0       0       0       0       0       0       0       0       0
      Temps:          0       0       0       0       0       0       0       0       0
      Totals:         1       0       0       0       0       0       0       0       0
Total ram usage:        1 bytes
 Hardware stack levels used:    1
 This function calls:
		Nothing
 This function is called by:
		_delay_ms
		_delay_us
		_DelayPORXLCD
		_DelayXLCD
 This function uses a non-reentrant model



MODULE INFORMATION

Module		Function		Class		Link	Load	Size
uart.c
		_Write         		CODE           	78DE	0000	14
		_ConfigUSART   		CODE           	78FC	0000	16

uart.c estimated size: 30

shared
		__initializatio		CODE           	7984	0000	34

shared estimated size: 34

main.c
		_main          		CODE           	795E	0000	38

main.c estimated size: 38

C:\Program Files (x86)\Microchip\xc8\v1.21\sources\pic18\d1ktcyx.c
		_Delay1KTCYx   		CODE           	78D0	0000	14

C:\Program Files (x86)\Microchip\xc8\v1.21\sources\pic18\d1ktcyx.c estimated size: 14

KeyFn.c
		_GetKey        		CODE           	7A42	0000	702
		_Print_key     		CODE           	79AC	0000	58

KeyFn.c estimated size: 760

delay.c
		_delay_us      		CODE           	793E	0000	32
		_delay_ms      		CODE           	791E	0000	32

delay.c estimated size: 64

C:\Program Files (x86)\Microchip\xc8\v1.21\sources\pic18\plib\USART\uwrite.c
		_WriteUSART    		CODE           	78EC	0000	16

C:\Program Files (x86)\Microchip\xc8\v1.21\sources\pic18\plib\USART\uwrite.c estimated size: 16

C:\Program Files (x86)\Microchip\xc8\v1.21\sources\pic18\plib\USART\uopen.c
		_OpenUSART     		CODE           	79E6	0000	92

C:\Program Files (x86)\Microchip\xc8\v1.21\sources\pic18\plib\USART\uopen.c estimated size: 92

